// Jest Snapshot v1, https://goo.gl/fbAQLP

exports[`renders correctly 1`] = `
<Text
  ellipsizeMode="tail"
  style={
    [
      {
        "fontFamily": "Outfit Regular",
        "fontSize": 15,
      },
      {
        "color": "#374151",
      },
      undefined,
      {},
    ]
  }
>
  Snapshot test!
</Text>
`;
